// Jest Snapshot v1, https://goo.gl/fbAQLP

exports[`EmployeeDetails Component GraphQL Query should match snapshot 1`] = `
Object {
  "definitions": Array [
    Object {
      "directives": Array [],
      "kind": "OperationDefinition",
      "name": Object {
        "kind": "Name",
        "value": "EmployeeDetailQuery",
      },
      "operation": "query",
      "selectionSet": Object {
        "kind": "SelectionSet",
        "selections": Array [
          Object {
            "alias": undefined,
            "arguments": Array [
              Object {
                "kind": "Argument",
                "name": Object {
                  "kind": "Name",
                  "value": "id",
                },
                "value": Object {
                  "kind": "Variable",
                  "name": Object {
                    "kind": "Name",
                    "value": "employeeId",
                  },
                },
              },
            ],
            "directives": Array [],
            "kind": "Field",
            "name": Object {
              "kind": "Name",
              "value": "getEmployee",
            },
            "selectionSet": Object {
              "kind": "SelectionSet",
              "selections": Array [
                Object {
                  "alias": undefined,
                  "arguments": Array [],
                  "directives": Array [],
                  "kind": "Field",
                  "name": Object {
                    "kind": "Name",
                    "value": "id",
                  },
                  "selectionSet": undefined,
                },
                Object {
                  "alias": undefined,
                  "arguments": Array [],
                  "directives": Array [],
                  "kind": "Field",
                  "name": Object {
                    "kind": "Name",
                    "value": "level",
                  },
                  "selectionSet": undefined,
                },
                Object {
                  "alias": undefined,
                  "arguments": Array [],
                  "directives": Array [],
                  "kind": "Field",
                  "name": Object {
                    "kind": "Name",
                    "value": "firstname",
                  },
                  "selectionSet": undefined,
                },
                Object {
                  "alias": undefined,
                  "arguments": Array [],
                  "directives": Array [],
                  "kind": "Field",
                  "name": Object {
                    "kind": "Name",
                    "value": "lastname",
                  },
                  "selectionSet": undefined,
                },
                Object {
                  "alias": undefined,
                  "arguments": Array [],
                  "directives": Array [],
                  "kind": "Field",
                  "name": Object {
                    "kind": "Name",
                    "value": "phoneNumber",
                  },
                  "selectionSet": undefined,
                },
                Object {
                  "alias": undefined,
                  "arguments": Array [],
                  "directives": Array [],
                  "kind": "Field",
                  "name": Object {
                    "kind": "Name",
                    "value": "projects",
                  },
                  "selectionSet": Object {
                    "kind": "SelectionSet",
                    "selections": Array [
                      Object {
                        "alias": undefined,
                        "arguments": Array [],
                        "directives": Array [],
                        "kind": "Field",
                        "name": Object {
                          "kind": "Name",
                          "value": "name",
                        },
                        "selectionSet": undefined,
                      },
                    ],
                  },
                },
              ],
            },
          },
        ],
      },
      "variableDefinitions": Array [
        Object {
          "defaultValue": undefined,
          "kind": "VariableDefinition",
          "type": Object {
            "kind": "NamedType",
            "name": Object {
              "kind": "Name",
              "value": "ID",
            },
          },
          "variable": Object {
            "kind": "Variable",
            "name": Object {
              "kind": "Name",
              "value": "employeeId",
            },
          },
        },
      ],
    },
  ],
  "kind": "Document",
  "loc": Object {
    "end": 201,
    "start": 0,
  },
}
`;

exports[`EmployeeDetails Component should match snapshot 1`] = `
<Apollo(WithStyles(EmployeeDetails))
  classes={Object {}}
  data={
    Object {
      "getEmployee": Object {
        "firstname": "Si",
        "id": "3",
        "lastname": "Tran",
        "level": "SENIOR_DEVELOPER",
        "projects": Array [
          Object {
            "name": "TeamBank",
          },
          Object {
            "name": "Paydirekt",
          },
        ],
      },
    }
  }
  match={
    Object {
      "params": Object {
        "employeeId": 3,
      },
    }
  }
/>
`;
