// Jest Snapshot v1, https://goo.gl/fbAQLP

exports[`Users Component should match snapshot 1`] = `
<div>
  Users
</div>
`;
