// Jest Snapshot v1, https://goo.gl/fbAQLP

exports[`AppBar should match snapshot 1`] = `
<Component
  classes={
    Object {
      "root": "Component-root-1",
    }
  }
/>
`;
